nohup: ignoring input
Traceback (most recent call last):
  File "/home/ubuntu/.local/bin/uvicorn", line 8, in <module>
    sys.exit(main())
             ^^^^^^
  File "/usr/lib/python3/dist-packages/click/core.py", line 1157, in __call__
    return self.main(*args, **kwargs)
           ^^^^^^^^^^^^^^^^^^^^^^^^^^
  File "/usr/lib/python3/dist-packages/click/core.py", line 1078, in main
    rv = self.invoke(ctx)
         ^^^^^^^^^^^^^^^^
  File "/usr/lib/python3/dist-packages/click/core.py", line 1434, in invoke
    return ctx.invoke(self.callback, **ctx.params)
           ^^^^^^^^^^^^^^^^^^^^^^^^^^^^^^^^^^^^^^^
  File "/usr/lib/python3/dist-packages/click/core.py", line 783, in invoke
    return __callback(*args, **kwargs)
           ^^^^^^^^^^^^^^^^^^^^^^^^^^^
  File "/home/ubuntu/.local/lib/python3.12/site-packages/uvicorn/main.py", line 433, in main
    run(
  File "/home/ubuntu/.local/lib/python3.12/site-packages/uvicorn/main.py", line 606, in run
    server.run()
  File "/home/ubuntu/.local/lib/python3.12/site-packages/uvicorn/server.py", line 75, in run
    return asyncio_run(self.serve(sockets=sockets), loop_factory=self.config.get_loop_factory())
           ^^^^^^^^^^^^^^^^^^^^^^^^^^^^^^^^^^^^^^^^^^^^^^^^^^^^^^^^^^^^^^^^^^^^^^^^^^^^^^^^^^^^^
  File "/usr/lib/python3.12/asyncio/runners.py", line 194, in run
    return runner.run(main)
           ^^^^^^^^^^^^^^^^
  File "/usr/lib/python3.12/asyncio/runners.py", line 118, in run
    return self._loop.run_until_complete(task)
           ^^^^^^^^^^^^^^^^^^^^^^^^^^^^^^^^^^^
  File "uvloop/loop.pyx", line 1518, in uvloop.loop.Loop.run_until_complete
  File "/home/ubuntu/.local/lib/python3.12/site-packages/uvicorn/server.py", line 79, in serve
    await self._serve(sockets)
  File "/home/ubuntu/.local/lib/python3.12/site-packages/uvicorn/server.py", line 86, in _serve
    config.load()
  File "/home/ubuntu/.local/lib/python3.12/site-packages/uvicorn/config.py", line 441, in load
    self.loaded_app = import_from_string(self.app)
                      ^^^^^^^^^^^^^^^^^^^^^^^^^^^^
  File "/home/ubuntu/.local/lib/python3.12/site-packages/uvicorn/importer.py", line 19, in import_from_string
    module = importlib.import_module(module_str)
             ^^^^^^^^^^^^^^^^^^^^^^^^^^^^^^^^^^^
  File "/usr/lib/python3.12/importlib/__init__.py", line 90, in import_module
    return _bootstrap._gcd_import(name[level:], package, level)
           ^^^^^^^^^^^^^^^^^^^^^^^^^^^^^^^^^^^^^^^^^^^^^^^^^^^^
  File "<frozen importlib._bootstrap>", line 1387, in _gcd_import
  File "<frozen importlib._bootstrap>", line 1360, in _find_and_load
  File "<frozen importlib._bootstrap>", line 1331, in _find_and_load_unlocked
  File "<frozen importlib._bootstrap>", line 935, in _load_unlocked
  File "<frozen importlib._bootstrap_external>", line 995, in exec_module
  File "<frozen importlib._bootstrap>", line 488, in _call_with_frames_removed
  File "/home/ubuntu/app/main.py", line 58, in <module>
    app.include_router(rpa_queue.router)
                       ^^^^^^^^^^^^^^^^
AttributeError: module 'routers.rpa_queue' has no attribute 'router'
nohup: ignoring input
Traceback (most recent call last):
  File "/home/ubuntu/.local/bin/uvicorn", line 8, in <module>
    sys.exit(main())
             ^^^^^^
  File "/usr/lib/python3/dist-packages/click/core.py", line 1157, in __call__
    return self.main(*args, **kwargs)
           ^^^^^^^^^^^^^^^^^^^^^^^^^^
  File "/usr/lib/python3/dist-packages/click/core.py", line 1078, in main
    rv = self.invoke(ctx)
         ^^^^^^^^^^^^^^^^
  File "/usr/lib/python3/dist-packages/click/core.py", line 1434, in invoke
    return ctx.invoke(self.callback, **ctx.params)
           ^^^^^^^^^^^^^^^^^^^^^^^^^^^^^^^^^^^^^^^
  File "/usr/lib/python3/dist-packages/click/core.py", line 783, in invoke
    return __callback(*args, **kwargs)
           ^^^^^^^^^^^^^^^^^^^^^^^^^^^
  File "/home/ubuntu/.local/lib/python3.12/site-packages/uvicorn/main.py", line 433, in main
    run(
  File "/home/ubuntu/.local/lib/python3.12/site-packages/uvicorn/main.py", line 606, in run
    server.run()
  File "/home/ubuntu/.local/lib/python3.12/site-packages/uvicorn/server.py", line 75, in run
    return asyncio_run(self.serve(sockets=sockets), loop_factory=self.config.get_loop_factory())
           ^^^^^^^^^^^^^^^^^^^^^^^^^^^^^^^^^^^^^^^^^^^^^^^^^^^^^^^^^^^^^^^^^^^^^^^^^^^^^^^^^^^^^
  File "/usr/lib/python3.12/asyncio/runners.py", line 194, in run
    return runner.run(main)
           ^^^^^^^^^^^^^^^^
  File "/usr/lib/python3.12/asyncio/runners.py", line 118, in run
    return self._loop.run_until_complete(task)
           ^^^^^^^^^^^^^^^^^^^^^^^^^^^^^^^^^^^
  File "uvloop/loop.pyx", line 1518, in uvloop.loop.Loop.run_until_complete
  File "/home/ubuntu/.local/lib/python3.12/site-packages/uvicorn/server.py", line 79, in serve
    await self._serve(sockets)
  File "/home/ubuntu/.local/lib/python3.12/site-packages/uvicorn/server.py", line 86, in _serve
    config.load()
  File "/home/ubuntu/.local/lib/python3.12/site-packages/uvicorn/config.py", line 441, in load
    self.loaded_app = import_from_string(self.app)
                      ^^^^^^^^^^^^^^^^^^^^^^^^^^^^
  File "/home/ubuntu/.local/lib/python3.12/site-packages/uvicorn/importer.py", line 19, in import_from_string
    module = importlib.import_module(module_str)
             ^^^^^^^^^^^^^^^^^^^^^^^^^^^^^^^^^^^
  File "/usr/lib/python3.12/importlib/__init__.py", line 90, in import_module
    return _bootstrap._gcd_import(name[level:], package, level)
           ^^^^^^^^^^^^^^^^^^^^^^^^^^^^^^^^^^^^^^^^^^^^^^^^^^^^
  File "<frozen importlib._bootstrap>", line 1387, in _gcd_import
  File "<frozen importlib._bootstrap>", line 1360, in _find_and_load
  File "<frozen importlib._bootstrap>", line 1331, in _find_and_load_unlocked
  File "<frozen importlib._bootstrap>", line 935, in _load_unlocked
  File "<frozen importlib._bootstrap_external>", line 995, in exec_module
  File "<frozen importlib._bootstrap>", line 488, in _call_with_frames_removed
  File "/home/ubuntu/app/main.py", line 58, in <module>
    app.include_router(rpa_queue.router)
                       ^^^^^^^^^^^^^^^^
AttributeError: module 'routers.rpa_queue' has no attribute 'router'
nohup: ignoring input
Traceback (most recent call last):
  File "/home/ubuntu/.local/bin/uvicorn", line 8, in <module>
    sys.exit(main())
             ^^^^^^
  File "/usr/lib/python3/dist-packages/click/core.py", line 1157, in __call__
    return self.main(*args, **kwargs)
           ^^^^^^^^^^^^^^^^^^^^^^^^^^
  File "/usr/lib/python3/dist-packages/click/core.py", line 1078, in main
    rv = self.invoke(ctx)
         ^^^^^^^^^^^^^^^^
  File "/usr/lib/python3/dist-packages/click/core.py", line 1434, in invoke
    return ctx.invoke(self.callback, **ctx.params)
           ^^^^^^^^^^^^^^^^^^^^^^^^^^^^^^^^^^^^^^^
  File "/usr/lib/python3/dist-packages/click/core.py", line 783, in invoke
    return __callback(*args, **kwargs)
           ^^^^^^^^^^^^^^^^^^^^^^^^^^^
  File "/home/ubuntu/.local/lib/python3.12/site-packages/uvicorn/main.py", line 433, in main
    run(
  File "/home/ubuntu/.local/lib/python3.12/site-packages/uvicorn/main.py", line 606, in run
    server.run()
  File "/home/ubuntu/.local/lib/python3.12/site-packages/uvicorn/server.py", line 75, in run
    return asyncio_run(self.serve(sockets=sockets), loop_factory=self.config.get_loop_factory())
           ^^^^^^^^^^^^^^^^^^^^^^^^^^^^^^^^^^^^^^^^^^^^^^^^^^^^^^^^^^^^^^^^^^^^^^^^^^^^^^^^^^^^^
  File "/usr/lib/python3.12/asyncio/runners.py", line 194, in run
    return runner.run(main)
           ^^^^^^^^^^^^^^^^
  File "/usr/lib/python3.12/asyncio/runners.py", line 118, in run
    return self._loop.run_until_complete(task)
           ^^^^^^^^^^^^^^^^^^^^^^^^^^^^^^^^^^^
  File "uvloop/loop.pyx", line 1518, in uvloop.loop.Loop.run_until_complete
  File "/home/ubuntu/.local/lib/python3.12/site-packages/uvicorn/server.py", line 79, in serve
    await self._serve(sockets)
  File "/home/ubuntu/.local/lib/python3.12/site-packages/uvicorn/server.py", line 86, in _serve
    config.load()
  File "/home/ubuntu/.local/lib/python3.12/site-packages/uvicorn/config.py", line 441, in load
    self.loaded_app = import_from_string(self.app)
                      ^^^^^^^^^^^^^^^^^^^^^^^^^^^^
  File "/home/ubuntu/.local/lib/python3.12/site-packages/uvicorn/importer.py", line 19, in import_from_string
    module = importlib.import_module(module_str)
             ^^^^^^^^^^^^^^^^^^^^^^^^^^^^^^^^^^^
  File "/usr/lib/python3.12/importlib/__init__.py", line 90, in import_module
    return _bootstrap._gcd_import(name[level:], package, level)
           ^^^^^^^^^^^^^^^^^^^^^^^^^^^^^^^^^^^^^^^^^^^^^^^^^^^^
  File "<frozen importlib._bootstrap>", line 1387, in _gcd_import
  File "<frozen importlib._bootstrap>", line 1360, in _find_and_load
  File "<frozen importlib._bootstrap>", line 1331, in _find_and_load_unlocked
  File "<frozen importlib._bootstrap>", line 935, in _load_unlocked
  File "<frozen importlib._bootstrap_external>", line 995, in exec_module
  File "<frozen importlib._bootstrap>", line 488, in _call_with_frames_removed
  File "/home/ubuntu/app/main.py", line 58, in <module>
    app.include_router(rpa_queue.router)
                       ^^^^^^^^^^^^^^^^
AttributeError: module 'routers.rpa_queue' has no attribute 'router'
nohup: ignoring input
INFO:     Started server process [64493]
INFO:     Waiting for application startup.
INFO:     Application startup complete.
INFO:     Uvicorn running on http://0.0.0.0:8000 (Press CTRL+C to quit)
❌ Error initializing Firebase: The default Firebase app already exists. This means you called initialize_app() more than once without providing an app name as the second argument. In most cases you only need to call initialize_app() once. But if you do want to initialize multiple apps, pass a second argument to initialize_app() to give each app a unique name.
INFO:     34.227.96.42:50130 - "POST /whatsapp/webhook HTTP/1.1" 200 OK
INFO:     127.0.0.1:39690 - "POST /whatsapp/webhook HTTP/1.1" 200 OK
nohup: ignoring input
INFO:     Started server process [64657]
INFO:     Waiting for application startup.
INFO:     Application startup complete.
INFO:     Uvicorn running on http://0.0.0.0:8000 (Press CTRL+C to quit)
❌ Error initializing Firebase: The default Firebase app already exists. This means you called initialize_app() more than once without providing an app name as the second argument. In most cases you only need to call initialize_app() once. But if you do want to initialize multiple apps, pass a second argument to initialize_app() to give each app a unique name.
INFO:     18.232.81.95:33668 - "POST /whatsapp/webhook HTTP/1.1" 200 OK
INFO:     52.91.253.233:32714 - "POST /whatsapp/webhook HTTP/1.1" 200 OK
INFO:     54.164.171.148:39454 - "POST /whatsapp/webhook HTTP/1.1" 200 OK
INFO:     184.73.143.163:28244 - "POST /whatsapp/webhook HTTP/1.1" 200 OK
INFO:     98.94.52.66:26902 - "POST /whatsapp/webhook HTTP/1.1" 200 OK
INFO:     100.24.1.140:53360 - "POST /whatsapp/webhook HTTP/1.1" 200 OK
INFO:     184.72.205.212:35230 - "POST /whatsapp/webhook HTTP/1.1" 200 OK
INFO:     184.72.205.212:52540 - "POST /whatsapp/webhook HTTP/1.1" 200 OK
INFO:     50.16.122.118:48862 - "POST /whatsapp/webhook HTTP/1.1" 200 OK
INFO:     54.226.121.255:61250 - "POST /whatsapp/webhook HTTP/1.1" 200 OK
[OCR] Image size: 89457 bytes, mime: image/jpeg
[OCR] Raw response: ```
{
    "name": "Vudatha Dhruvasai",
    "aadhaar": "449051462013",
    "dob": "17/07/2006",
    "gender": "MALE",
    "address": "s/o Vudutha Nagaraju, Plot No-1,2,3,4 Flat No-401, Sai Prestige Apartment, Pragathi Nagar, Behind Dhyanahita School, Nizampet, VTC: Nizampet, PO: Nizampet, Medchal-malkajgiri, Telangana, 500090, 8074142645",
    "district": "Medchal-malkajgiri",
    "state": "Telangana",
    "pincode": "500090"
}
```
[OCR] Extracted: name=Vudatha Dhruvasai, dob=17/07/2006, gender=MALE, state=Telangana, district=Medchal-malkajgiri, pincode=500090
INFO:     54.167.83.57:58708 - "POST /whatsapp/webhook HTTP/1.1" 200 OK
INFO:     44.205.251.27:24172 - "POST /whatsapp/webhook HTTP/1.1" 200 OK
/home/ubuntu/.local/lib/python3.12/site-packages/google/cloud/firestore_v1/base_collection.py:316: UserWarning: Detected filter using positional arguments. Prefer using the 'filter' keyword argument instead.
  return query.where(field_path, op_string, value)
/home/ubuntu/app/routers/whatsapp_webhook.py:650: UserWarning: Detected filter using positional arguments. Prefer using the 'filter' keyword argument instead.
  .where("scheme", "==", user_data.get("scheme"))
INFO:     34.227.96.42:24498 - "POST /whatsapp/webhook HTTP/1.1" 200 OK
Twilio send error: No module named 'twilio'
nohup: ignoring input
INFO:     Started server process [64789]
INFO:     Waiting for application startup.
INFO:     Application startup complete.
INFO:     Uvicorn running on http://0.0.0.0:8000 (Press CTRL+C to quit)
WARNING:  Invalid HTTP request received.
❌ Error initializing Firebase: The default Firebase app already exists. This means you called initialize_app() more than once without providing an app name as the second argument. In most cases you only need to call initialize_app() once. But if you do want to initialize multiple apps, pass a second argument to initialize_app() to give each app a unique name.
INFO:     204.76.203.18:42262 - "GET / HTTP/1.1" 404 Not Found
INFO:     54.91.2.132:50830 - "POST /whatsapp/webhook HTTP/1.1" 200 OK
INFO:     3.87.108.133:23610 - "POST /whatsapp/webhook HTTP/1.1" 200 OK
INFO:     54.226.121.255:33608 - "POST /whatsapp/webhook HTTP/1.1" 200 OK
INFO:     204.76.203.18:37364 - "GET /bins/ HTTP/1.1" 404 Not Found
INFO:     204.76.203.18:57524 - "GET /bin/ HTTP/1.1" 404 Not Found
nohup: ignoring input
INFO:     Started server process [64940]
INFO:     Waiting for application startup.
INFO:     Application startup complete.
INFO:     Uvicorn running on http://0.0.0.0:8000 (Press CTRL+C to quit)
❌ Error initializing Firebase: The default Firebase app already exists. This means you called initialize_app() more than once without providing an app name as the second argument. In most cases you only need to call initialize_app() once. But if you do want to initialize multiple apps, pass a second argument to initialize_app() to give each app a unique name.
INFO:     44.205.251.27:51582 - "POST /whatsapp/webhook HTTP/1.1" 200 OK
INFO:     204.76.203.18:52290 - "GET /backup/ HTTP/1.1" 404 Not Found
nohup: ignoring input
Traceback (most recent call last):
  File "/home/ubuntu/.local/bin/uvicorn", line 8, in <module>
    sys.exit(main())
             ^^^^^^
  File "/usr/lib/python3/dist-packages/click/core.py", line 1157, in __call__
    return self.main(*args, **kwargs)
           ^^^^^^^^^^^^^^^^^^^^^^^^^^
  File "/usr/lib/python3/dist-packages/click/core.py", line 1078, in main
    rv = self.invoke(ctx)
         ^^^^^^^^^^^^^^^^
  File "/usr/lib/python3/dist-packages/click/core.py", line 1434, in invoke
    return ctx.invoke(self.callback, **ctx.params)
           ^^^^^^^^^^^^^^^^^^^^^^^^^^^^^^^^^^^^^^^
  File "/usr/lib/python3/dist-packages/click/core.py", line 783, in invoke
    return __callback(*args, **kwargs)
           ^^^^^^^^^^^^^^^^^^^^^^^^^^^
  File "/home/ubuntu/.local/lib/python3.12/site-packages/uvicorn/main.py", line 433, in main
    run(
  File "/home/ubuntu/.local/lib/python3.12/site-packages/uvicorn/main.py", line 606, in run
    server.run()
  File "/home/ubuntu/.local/lib/python3.12/site-packages/uvicorn/server.py", line 75, in run
    return asyncio_run(self.serve(sockets=sockets), loop_factory=self.config.get_loop_factory())
           ^^^^^^^^^^^^^^^^^^^^^^^^^^^^^^^^^^^^^^^^^^^^^^^^^^^^^^^^^^^^^^^^^^^^^^^^^^^^^^^^^^^^^
  File "/usr/lib/python3.12/asyncio/runners.py", line 194, in run
    return runner.run(main)
           ^^^^^^^^^^^^^^^^
  File "/usr/lib/python3.12/asyncio/runners.py", line 118, in run
    return self._loop.run_until_complete(task)
           ^^^^^^^^^^^^^^^^^^^^^^^^^^^^^^^^^^^
  File "uvloop/loop.pyx", line 1518, in uvloop.loop.Loop.run_until_complete
  File "/home/ubuntu/.local/lib/python3.12/site-packages/uvicorn/server.py", line 79, in serve
    await self._serve(sockets)
  File "/home/ubuntu/.local/lib/python3.12/site-packages/uvicorn/server.py", line 86, in _serve
    config.load()
  File "/home/ubuntu/.local/lib/python3.12/site-packages/uvicorn/config.py", line 441, in load
    self.loaded_app = import_from_string(self.app)
                      ^^^^^^^^^^^^^^^^^^^^^^^^^^^^
  File "/home/ubuntu/.local/lib/python3.12/site-packages/uvicorn/importer.py", line 19, in import_from_string
    module = importlib.import_module(module_str)
             ^^^^^^^^^^^^^^^^^^^^^^^^^^^^^^^^^^^
  File "/usr/lib/python3.12/importlib/__init__.py", line 90, in import_module
    return _bootstrap._gcd_import(name[level:], package, level)
           ^^^^^^^^^^^^^^^^^^^^^^^^^^^^^^^^^^^^^^^^^^^^^^^^^^^^
  File "<frozen importlib._bootstrap>", line 1387, in _gcd_import
  File "<frozen importlib._bootstrap>", line 1360, in _find_and_load
  File "<frozen importlib._bootstrap>", line 1331, in _find_and_load_unlocked
  File "<frozen importlib._bootstrap>", line 935, in _load_unlocked
  File "<frozen importlib._bootstrap_external>", line 995, in exec_module
  File "<frozen importlib._bootstrap>", line 488, in _call_with_frames_removed
  File "/home/ubuntu/app/main.py", line 17, in <module>
    from routers import whatsapp_webhook
  File "/home/ubuntu/app/routers/whatsapp_webhook.py", line 39
    if not firebase_admin._apps:
    ^
IndentationError: expected an indented block after 'if' statement on line 38
